GDTEST_OK
>> WARNING
>> Line: 56
>> ACCESSING_UNDERLINE_PREFIXED_MEMBER
>> Trying accessing the member "_v" prefixed with "_", which would be a private member.
>> WARNING
>> Line: 57
>> ACCESSING_UNDERLINE_PREFIXED_MEMBER
>> Trying accessing the member "_v" prefixed with "_", which would be a private member.
>> WARNING
>> Line: 58
>> ACCESSING_UNDERLINE_PREFIXED_MEMBER
>> Trying accessing the member "_v" prefixed with "_", which would be a private member.
>> WARNING
>> Line: 60
>> ACCESSING_UNDERLINE_PREFIXED_MEMBER
>> Trying accessing the member "_v" prefixed with "_", which would be a private member.
>> WARNING
>> Line: 61
>> ACCESSING_UNDERLINE_PREFIXED_MEMBER
>> Trying accessing the member "_v" prefixed with "_", which would be a private member.
1

3

4
5

4
5

6

7
8

9
10
9
11
12
13
11

14
