GDTEST_OK
>> WARNING
>> Line: 7
>> ACCESSING_UNDERLINE_PREFIXED_MEMBER
>> Trying accessing the member "__" prefixed with "_", which would be a private member.
