GDTEST_OK
>> WARNING
>> Line: 40
>> ACCESSING_PRIVATE_MEMBER
>> Trying accessing a private member "_unassigned_variable_op_assign" in an external class.
