GDTEST_OK
>> WARNING
>> Line: 21
>> ACCESSING_UNDERLINE_PREFIXED_MEMBER
>> Trying accessing the member "_tmp" prefixed with "_", which would be a private member.
get static_var
get member_var
set static_var 1
set member_var 1
