GDTEST_OK
>> WARNING
>> Line: 45
>> ACCESSING_UNDERLINE_PREFIXED_MEMBER
>> Trying accessing the member "_on_some_signal" prefixed with "_", which would be a private member.
<null>
<null>
<null>
<null>
