GDTEST_OK
[name: "", class_name: &"", type: 0, hint: 0, hint_string: "", usage: 6]

test
