GDTEST_PARSER_ERROR
Unexpected "Identifier" in struct body.
