GDTEST_PARSER_ERROR
Expected ":" after struct name.
