GDTEST_PARSER_ERROR
Expected identifier for the struct name after "struct".
