GDTEST_PARSER_ERROR
Expected indented block after struct declaration.
