GDTEST_OK
>> WARNING
>> Line: 8
>> INCOMPATIBLE_TERNARY
>> Values of the ternary operator are not mutually compatible.
>> WARNING
>> Line: 8
>> ACCESSING_UNDERLINE_PREFIXED_MEMBER
>> Trying accessing the member "__" prefixed with "_", which would be a private member.
