GDTEST_OK
>> WARNING
>> Line: 3
>> INTEGER_DIVISION
>> Integer division, decimal part will be discarded.
>> WARNING
>> Line: 6
>> ACCESSING_UNDERLINE_PREFIXED_MEMBER
>> Trying accessing the member "__" prefixed with "_", which would be a private member.
>> WARNING
>> Line: 7
>> ACCESSING_UNDERLINE_PREFIXED_MEMBER
>> Trying accessing the member "__" prefixed with "_", which would be a private member.
>> WARNING
>> Line: 8
>> ACCESSING_UNDERLINE_PREFIXED_MEMBER
>> Trying accessing the member "__" prefixed with "_", which would be a private member.
>> WARNING
>> Line: 9
>> ACCESSING_UNDERLINE_PREFIXED_MEMBER
>> Trying accessing the member "__" prefixed with "_", which would be a private member.
>> WARNING
>> Line: 10
>> ACCESSING_UNDERLINE_PREFIXED_MEMBER
>> Trying accessing the member "__" prefixed with "_", which would be a private member.
