GDTEST_OK
>> WARNING
>> Line: 4
>> ACCESSING_PRIVATE_MEMBER
>> Trying accessing a private member "__" in an external class.
>> WARNING
>> Line: 4
>> UNASSIGNED_VARIABLE_OP_ASSIGN
>> Using assignment with operation but the variable "__" was not previously assigned a value.
